// Jest Snapshot v1, https://goo.gl/fbAQLP

exports[`Add Menu Snapshot Test 1`] = `
<div
  className="menu"
>
  <button
    className="menuButton"
    id="onlyBack"
    onClick={[Function]}
  >
    <img
      alt="back"
      className="icon"
      src="back.png"
    />
  </button>
  <br />
  <label
    id="toggle-bar"
  >
    <button
      className="toggle-bar-enabled-button"
      disabled={true}
      onClick={[Function]}
      style={
        Object {
          "borderRadius": "8px 0 0 8px",
          "borderRight": "none",
        }
      }
    >
      Link
    </button>
    <button
      className="toggle-bar-disabled-button"
      disabled={false}
      onClick={[Function]}
      style={
        Object {
          "borderRadius": "0 8px 8px 0",
        }
      }
    >
      Folder
    </button>
  </label>
  <br />
  Name: 
  <input
    className="inputField"
    onChange={[Function]}
    type="text"
    value="example.com"
  />
  <br />
  URL: 
  <input
    className="inputField"
    disabled={false}
    onChange={[Function]}
    type="text"
    value="http://example.com"
  />
  <br />
  <button
    className="plainButton"
    onClick={[Function]}
  >
    Submit
  </button>
</div>
`;

exports[`Add Menu Snapshot Test 2`] = `
<div
  className="menu"
>
  <button
    className="menuButton"
    id="onlyBack"
    onClick={[Function]}
  >
    <img
      alt="back"
      className="icon"
      src="back.png"
    />
  </button>
  <br />
  <label
    id="toggle-bar"
  >
    <button
      className="toggle-bar-disabled-button"
      disabled={false}
      onClick={[Function]}
      style={
        Object {
          "borderRadius": "8px 0 0 8px",
          "borderRight": "none",
        }
      }
    >
      Link
    </button>
    <button
      className="toggle-bar-enabled-button"
      disabled={true}
      onClick={[Function]}
      style={
        Object {
          "borderRadius": "0 8px 8px 0",
        }
      }
    >
      Folder
    </button>
  </label>
  <br />
  Name: 
  <input
    className="inputField"
    onChange={[Function]}
    type="text"
    value="example.com"
  />
  <br />
  URL: 
  <input
    className="inputField"
    disabled={true}
    onChange={[Function]}
    type="text"
    value="http://example.com"
  />
  <br />
  <button
    className="plainButton"
    onClick={[Function]}
  >
    Submit
  </button>
</div>
`;
