// Jest Snapshot v1, https://goo.gl/fbAQLP

exports[`settings menu snapshot test 1`] = `
<div
  className="menu"
>
  <button
    className="menuButton"
    id="onlyBack"
    onClick={[MockFunction]}
  >
    <img
      alt="back"
      className="icon"
      src="back.png"
    />
  </button>
  <div
    className="settings-menu-item"
    onClick={[Function]}
  >
    Sync With Drive
  </div>
  <div
    className="settings-menu-item"
    onClick={[Function]}
  >
    Import Bookmarks
  </div>
  <div
    className="settings-menu-item"
    onClick={[Function]}
  >
    About
  </div>
</div>
`;
